error: expected `UncheckedExtrinsic`
 --> $DIR/missing_where_param.rs:7:2
  |
7 |     {}
  |     ^^
