error: expected one of: `Block`, `NodeBlock`, `UncheckedExtrinsic`
 --> $DIR/missing_where_param.rs:7:2
  |
7 |     {}
  |     ^^
